export const snapshot = {};

snapshot[`generateLocalizationRequestPayload with Glossia's configuration 1`] = `
{
  id: "test-sha",
  modules: [
    {
      format: "portable-object",
      id: "priv/gettext/{language}/LC_MESSAGES/default.po",
      localizables: {
        source: {
          checksum: {
            cache_id: "priv/gettext/en/LC_MESSAGES/.glossia.default.po.json",
            content: {
              cached: undefined,
              current: {
                algorithm: "sha256",
                value: "e3b0c44298fc1c149afbf4c8996fb92427ae41e4649b934ca495991b7852b855",
              },
            },
            context: {
              cached: undefined,
              current: {
                algorithm: "sha256",
                value: "0c9dbab264861da7904ff1e5a2c2684782633e6bd8a24ef137f5091fb65dba75",
              },
            },
          },
          context: {
            description: "This is a test content",
            language: "en",
          },
          id: "priv/gettext/en/LC_MESSAGES/default.po",
        },
        target: [
          {
            checksum: {
              cache_id: "priv/gettext/es/LC_MESSAGES/.glossia.default.po.json",
              content: {
                cached: undefined,
                current: {
                  algorithm: "sha256",
                  value: "e3b0c44298fc1c149afbf4c8996fb92427ae41e4649b934ca495991b7852b855",
                },
              },
              context: {
                cached: undefined,
                current: {
                  algorithm: "sha256",
                  value: "c4440b47d1b3c0deffd05b9121b0a9e21941878cd1302a39228e900e5c2d545e",
                },
              },
            },
            context: {
              language: "es",
            },
            id: "priv/gettext/es/LC_MESSAGES/default.po",
          },
        ],
      },
    },
  ],
}
`;
