export const snapshot = {};

snapshot[`generateTranslationRequestPayload with Glossia's configuration 1`] = `
{
  id: "test-sha",
  modules: [
    {
      format: "portable-object",
      id: "priv/gettext/{language}/LC_MESSAGES/default.po",
      items: {
        source: {
          checksum: {
            cached: {
              id: "priv/gettext/en/LC_MESSAGES/.glossia.default.po.json",
            },
            current: {
              algorithm: "sha256",
              value: "1d4bd15c1549dd6adfde21daf5831eb94e2fcc2f224324f976b69a1737bdeca7",
            },
          },
          context: {
            language: "en",
          },
          id: "priv/gettext/en/LC_MESSAGES/default.po",
        },
        target: [
          {
            checksum: {
              cached: {
                id: "priv/gettext/es/LC_MESSAGES/.glossia.default.po.json",
              },
              current: {
                algorithm: "sha256",
                value: "f80530784135f6416d99fab5df43492f8977621658bf75c02a92fc44c8dc0b5b",
              },
            },
            context: {
              language: "es",
            },
            id: "priv/gettext/es/LC_MESSAGES/default.po",
          },
        ],
      },
    },
  ],
}
`;
